2026-07-21 22:03:24 - INFO - Starting Attendance Bot for action: CLOCKIN
2026-07-21 22:03:25 - INFO - Opening Browser...
2026-07-21 22:03:57 - INFO - Starting login process...
2026-07-21 22:03:57 - INFO - Navigating to https://update-tool-five.vercel.app/
2026-07-21 22:04:01 - INFO - Waiting for username input...
2026-07-21 22:04:17 - ERROR - Login attempt failed: Locator.wait_for: Timeout 15000ms exceeded.
Call log:
  - waiting for locator("input[type='email'], input[type='text'], input[name='username'], input[name='email']").first to be visible

2026-07-21 22:04:17 - INFO - Screenshot saved: C:\Users\Maple Edge\Downloads\nitin workspace\nithin\CICO\attendance-bot\screenshots\20260721_220417_login_failure.png
2026-07-21 22:04:19 - INFO - Starting login process...
2026-07-21 22:04:19 - INFO - Navigating to https://update-tool-five.vercel.app/
2026-07-21 22:04:20 - INFO - Waiting for username input...
2026-07-21 22:04:35 - ERROR - Login attempt failed: Locator.wait_for: Timeout 15000ms exceeded.
Call log:
  - waiting for locator("input[type='email'], input[type='text'], input[name='username'], input[name='email']").first to be visible

2026-07-21 22:04:35 - INFO - Screenshot saved: C:\Users\Maple Edge\Downloads\nitin workspace\nithin\CICO\attendance-bot\screenshots\20260721_220435_login_failure.png
2026-07-21 22:04:39 - INFO - Starting login process...
2026-07-21 22:04:39 - INFO - Navigating to https://update-tool-five.vercel.app/
2026-07-21 22:04:41 - INFO - Waiting for username input...
2026-07-21 22:04:56 - ERROR - Login attempt failed: Locator.wait_for: Timeout 15000ms exceeded.
Call log:
  - waiting for locator("input[type='email'], input[type='text'], input[name='username'], input[name='email']").first to be visible

2026-07-21 22:04:56 - INFO - Screenshot saved: C:\Users\Maple Edge\Downloads\nitin workspace\nithin\CICO\attendance-bot\screenshots\20260721_220456_login_failure.png
2026-07-21 22:04:56 - ERROR - An error occurred during the automation flow.
2026-07-21 22:04:56 - INFO - Screenshot saved: C:\Users\Maple Edge\Downloads\nitin workspace\nithin\CICO\attendance-bot\screenshots\20260721_220456_fatal_error.png
2026-07-21 22:04:56 - INFO - Closing Browser...
2026-07-21 22:04:56 - ERROR - Automation failed: Failed to log in: Locator.wait_for: Timeout 15000ms exceeded.
Call log:
  - waiting for locator("input[type='email'], input[type='text'], input[name='username'], input[name='email']").first to be visible

2026-07-21 22:04:56 - INFO - Preparing failure notification email...
2026-07-21 22:04:58 - ERROR - Failed to send email notification: (535, b'5.7.8 Username and Password not accepted. For more information, go to\n5.7.8  https://support.google.com/mail/?p=BadCredentials 5a478bee46e88-3147dc9f2f0sm533477eec.13 - gsmtp')
2026-07-21 22:14:42 - INFO - Starting Attendance Bot for action: CLOCKIN
2026-07-21 22:14:43 - INFO - Opening Browser...
2026-07-21 22:14:50 - INFO - Checking authentication state...
2026-07-21 22:14:50 - INFO - Navigating to base URL to check session: https://update-tool-five.vercel.app/login
2026-07-21 22:14:53 - ERROR - Login attempt failed: Locator.count: Unexpected token "=" while parsing css selector "a:has-text('Attendance'), button:has-text('Attendance'), li:has-text('Attendance'), text=Logout". Did you mean to CSS.escape it?
2026-07-21 22:14:53 - INFO - Screenshot saved: C:\Users\Maple Edge\Downloads\nitin workspace\nithin\CICO\attendance-bot\screenshots\20260721_221453_login_failure.png
2026-07-21 22:14:55 - INFO - Checking authentication state...
2026-07-21 22:14:55 - INFO - Navigating to base URL to check session: https://update-tool-five.vercel.app/login
2026-07-21 22:14:57 - ERROR - Login attempt failed: Locator.count: Unexpected token "=" while parsing css selector "a:has-text('Attendance'), button:has-text('Attendance'), li:has-text('Attendance'), text=Logout". Did you mean to CSS.escape it?
2026-07-21 22:14:57 - INFO - Screenshot saved: C:\Users\Maple Edge\Downloads\nitin workspace\nithin\CICO\attendance-bot\screenshots\20260721_221457_login_failure.png
2026-07-21 22:15:01 - INFO - Checking authentication state...
2026-07-21 22:15:01 - INFO - Navigating to base URL to check session: https://update-tool-five.vercel.app/login
2026-07-21 22:15:02 - ERROR - Login attempt failed: Locator.count: Unexpected token "=" while parsing css selector "a:has-text('Attendance'), button:has-text('Attendance'), li:has-text('Attendance'), text=Logout". Did you mean to CSS.escape it?
2026-07-21 22:15:02 - INFO - Screenshot saved: C:\Users\Maple Edge\Downloads\nitin workspace\nithin\CICO\attendance-bot\screenshots\20260721_221502_login_failure.png
2026-07-21 22:15:02 - ERROR - An error occurred during the automation flow.
2026-07-21 22:15:02 - INFO - Screenshot saved: C:\Users\Maple Edge\Downloads\nitin workspace\nithin\CICO\attendance-bot\screenshots\20260721_221502_fatal_error.png
2026-07-21 22:15:02 - INFO - Closing Browser...
2026-07-21 22:15:02 - ERROR - Automation failed: Failed to log in via Google: Locator.count: Unexpected token "=" while parsing css selector "a:has-text('Attendance'), button:has-text('Attendance'), li:has-text('Attendance'), text=Logout". Did you mean to CSS.escape it?
2026-07-21 22:15:02 - INFO - Preparing failure notification email...
2026-07-21 22:15:04 - ERROR - Failed to send email notification: (535, b'5.7.8 Username and Password not accepted. For more information, go to\n5.7.8  https://support.google.com/mail/?p=BadCredentials a92af1059eb24-13ce29c2dcdsm45477506c88.1 - gsmtp')
2026-07-21 22:16:56 - INFO - Starting Attendance Bot for action: CLOCKIN
2026-07-21 22:16:58 - INFO - Opening Browser...
2026-07-21 22:17:04 - INFO - Checking authentication state...
2026-07-21 22:17:04 - INFO - Navigating to base URL to check session: https://update-tool-five.vercel.app/login
2026-07-21 22:17:07 - INFO - Session expired or missing. Proceeding with Google Sign-In.
2026-07-21 22:17:07 - INFO - Waiting for Clerk Google login button...
2026-07-21 22:17:07 - INFO - Waiting for Google Sign-In page...
2026-07-21 22:17:37 - ERROR - Login attempt failed: Timeout 30000ms exceeded.
=========================== logs ===========================
waiting for navigation to "**/accounts.google.com/**" until 'load'
============================================================
2026-07-21 22:17:37 - INFO - Screenshot saved: C:\Users\Maple Edge\Downloads\nitin workspace\nithin\CICO\attendance-bot\screenshots\20260721_221737_login_failure.png
2026-07-21 22:17:39 - INFO - Checking authentication state...
2026-07-21 22:17:39 - INFO - Navigating to base URL to check session: https://update-tool-five.vercel.app/login
2026-07-21 22:17:40 - INFO - Session expired or missing. Proceeding with Google Sign-In.
2026-07-21 22:17:40 - INFO - Waiting for Clerk Google login button...
2026-07-21 22:17:40 - INFO - Waiting for Google Sign-In page...
2026-07-21 22:18:10 - ERROR - Login attempt failed: Timeout 30000ms exceeded.
=========================== logs ===========================
waiting for navigation to "**/accounts.google.com/**" until 'load'
============================================================
2026-07-21 22:18:10 - INFO - Screenshot saved: C:\Users\Maple Edge\Downloads\nitin workspace\nithin\CICO\attendance-bot\screenshots\20260721_221810_login_failure.png
2026-07-21 22:18:14 - INFO - Checking authentication state...
2026-07-21 22:18:14 - INFO - Navigating to base URL to check session: https://update-tool-five.vercel.app/login
2026-07-21 22:18:16 - INFO - Session expired or missing. Proceeding with Google Sign-In.
2026-07-21 22:18:16 - INFO - Waiting for Clerk Google login button...
2026-07-21 22:18:16 - INFO - Waiting for Google Sign-In page...
2026-07-21 22:18:46 - ERROR - Login attempt failed: Timeout 30000ms exceeded.
=========================== logs ===========================
waiting for navigation to "**/accounts.google.com/**" until 'load'
============================================================
2026-07-21 22:18:46 - INFO - Screenshot saved: C:\Users\Maple Edge\Downloads\nitin workspace\nithin\CICO\attendance-bot\screenshots\20260721_221846_login_failure.png
2026-07-21 22:18:46 - ERROR - An error occurred during the automation flow.
2026-07-21 22:18:46 - INFO - Screenshot saved: C:\Users\Maple Edge\Downloads\nitin workspace\nithin\CICO\attendance-bot\screenshots\20260721_221846_fatal_error.png
2026-07-21 22:18:46 - INFO - Closing Browser...
2026-07-21 22:18:46 - ERROR - Automation failed: Failed to log in via Google: Timeout 30000ms exceeded.
=========================== logs ===========================
waiting for navigation to "**/accounts.google.com/**" until 'load'
============================================================
2026-07-21 22:18:46 - INFO - Preparing failure notification email...
2026-07-21 22:18:48 - ERROR - Failed to send email notification: (535, b'5.7.8 Username and Password not accepted. For more information, go to\n5.7.8  https://support.google.com/mail/?p=BadCredentials 5a478bee46e88-3147df06864sm560321eec.15 - gsmtp')
2026-07-21 22:25:41 - INFO - Starting Attendance Bot for action: CLOCKIN
2026-07-21 22:25:42 - INFO - Opening Browser...
2026-07-21 22:25:49 - INFO - Starting authentication flow...
2026-07-21 22:25:49 - INFO - Navigating to login URL: https://update-tool-five.vercel.app/login
2026-07-21 22:25:51 - INFO - Checking if valid session already exists...
2026-07-21 22:25:51 - INFO - No valid session found. Proceeding with Google Sign-In.
2026-07-21 22:25:51 - INFO - Looking for Clerk Google login button...
2026-07-21 22:25:51 - INFO - Found Google login button. Clicking...
2026-07-21 22:25:51 - INFO - Waiting to see if a popup opens for Google auth...
2026-07-21 22:25:59 - INFO - No popup detected. Assuming same-page redirect or iframe.
2026-07-21 22:25:59 - INFO - Waiting for redirect to accounts.google.com...
2026-07-21 22:26:19 - ERROR - Login flow failed: Timeout 20000ms exceeded.
=========================== logs ===========================
waiting for navigation to "**/accounts.google.com/**" until 'load'
============================================================
2026-07-21 22:26:19 - ERROR - === Diagnostics ===
2026-07-21 22:26:19 - ERROR - Current Main Page URL: https://update-tool-five.vercel.app/login
2026-07-21 22:26:19 - ERROR - Main Page Title: updates-tool
2026-07-21 22:26:19 - ERROR - Visible buttons on main page (first 10): ['Continue with Google / Work Email', '', 'Continue with Google', '', '', 'Continue']
2026-07-21 22:26:19 - ERROR - ===================
2026-07-21 22:26:19 - INFO - Screenshot saved: C:\Users\Maple Edge\Downloads\nitin workspace\nithin\CICO\attendance-bot\screenshots\20260721_222619_login_failure_main.png
2026-07-21 22:26:21 - INFO - Starting authentication flow...
2026-07-21 22:26:21 - INFO - Navigating to login URL: https://update-tool-five.vercel.app/login
2026-07-21 22:26:23 - INFO - Checking if valid session already exists...
2026-07-21 22:26:23 - INFO - No valid session found. Proceeding with Google Sign-In.
2026-07-21 22:26:23 - INFO - Looking for Clerk Google login button...
2026-07-21 22:26:23 - INFO - Found Google login button. Clicking...
2026-07-21 22:26:23 - INFO - Waiting to see if a popup opens for Google auth...
2026-07-21 22:26:31 - INFO - No popup detected. Assuming same-page redirect or iframe.
2026-07-21 22:26:31 - INFO - Waiting for redirect to accounts.google.com...
2026-07-21 22:26:51 - ERROR - Login flow failed: Timeout 20000ms exceeded.
=========================== logs ===========================
waiting for navigation to "**/accounts.google.com/**" until 'load'
============================================================
2026-07-21 22:26:51 - ERROR - === Diagnostics ===
2026-07-21 22:26:51 - ERROR - Current Main Page URL: https://update-tool-five.vercel.app/login
2026-07-21 22:26:51 - ERROR - Main Page Title: updates-tool
2026-07-21 22:26:51 - ERROR - Visible buttons on main page (first 10): ['Continue with Google / Work Email', '', 'Continue with Google', '', '', 'Continue']
2026-07-21 22:26:51 - ERROR - ===================
2026-07-21 22:26:51 - INFO - Screenshot saved: C:\Users\Maple Edge\Downloads\nitin workspace\nithin\CICO\attendance-bot\screenshots\20260721_222651_login_failure_main.png
2026-07-21 22:26:55 - INFO - Starting authentication flow...
2026-07-21 22:26:55 - INFO - Navigating to login URL: https://update-tool-five.vercel.app/login
2026-07-21 22:26:56 - INFO - Checking if valid session already exists...
2026-07-21 22:26:56 - INFO - No valid session found. Proceeding with Google Sign-In.
2026-07-21 22:26:56 - INFO - Looking for Clerk Google login button...
2026-07-21 22:26:56 - INFO - Found Google login button. Clicking...
2026-07-21 22:26:56 - INFO - Waiting to see if a popup opens for Google auth...
2026-07-21 22:27:04 - INFO - No popup detected. Assuming same-page redirect or iframe.
2026-07-21 22:27:04 - INFO - Waiting for redirect to accounts.google.com...
2026-07-21 22:27:24 - ERROR - Login flow failed: Timeout 20000ms exceeded.
=========================== logs ===========================
waiting for navigation to "**/accounts.google.com/**" until 'load'
============================================================
2026-07-21 22:27:24 - ERROR - === Diagnostics ===
2026-07-21 22:27:24 - ERROR - Current Main Page URL: https://update-tool-five.vercel.app/login
2026-07-21 22:27:24 - ERROR - Main Page Title: updates-tool
2026-07-21 22:27:24 - ERROR - Visible buttons on main page (first 10): ['Continue with Google / Work Email', '', 'Continue with Google', '', '', 'Continue']
2026-07-21 22:27:24 - ERROR - ===================
2026-07-21 22:27:24 - INFO - Screenshot saved: C:\Users\Maple Edge\Downloads\nitin workspace\nithin\CICO\attendance-bot\screenshots\20260721_222724_login_failure_main.png
2026-07-21 22:27:24 - ERROR - An error occurred during the automation flow.
2026-07-21 22:27:25 - INFO - Screenshot saved: C:\Users\Maple Edge\Downloads\nitin workspace\nithin\CICO\attendance-bot\screenshots\20260721_222724_fatal_error.png
2026-07-21 22:27:25 - INFO - Closing Browser...
2026-07-21 22:27:25 - ERROR - Automation failed: Authentication failed: Timeout 20000ms exceeded.
=========================== logs ===========================
waiting for navigation to "**/accounts.google.com/**" until 'load'
============================================================
2026-07-21 22:27:25 - INFO - Preparing failure notification email...
2026-07-21 22:27:26 - ERROR - Failed to send email notification: (535, b'5.7.8 Username and Password not accepted. For more information, go to\n5.7.8  https://support.google.com/mail/?p=BadCredentials a92af1059eb24-13ce2cd6e6esm41768301c88.13 - gsmtp')
2026-07-21 22:29:23 - INFO - Starting Attendance Bot for action: CLOCKIN
2026-07-21 22:29:24 - INFO - Opening Browser...
2026-07-21 22:29:31 - INFO - Starting authentication flow...
2026-07-21 22:29:31 - INFO - Navigating to login URL: https://update-tool-five.vercel.app/login
2026-07-21 22:29:33 - INFO - Checking if valid session already exists...
2026-07-21 22:29:33 - INFO - No valid session found. Proceeding with Google Sign-In.
2026-07-21 22:29:33 - INFO - Looking for the initial 'Continue with Google / Work Email' button...
2026-07-21 22:29:33 - INFO - Found initial login button. Clicking it to open the Clerk modal...
2026-07-21 22:29:33 - INFO - Waiting for the Clerk modal to appear...
2026-07-21 22:29:33 - INFO - Clerk modal 'Continue with Google' button is visible.
2026-07-21 22:29:33 - INFO - Clicking the modal button and waiting to see if a popup/tab opens...
2026-07-21 22:29:43 - INFO - No popup/tab detected. Checking for redirect or iframe...
2026-07-21 22:29:43 - INFO - Waiting to see if main page redirects to accounts.google.com...
2026-07-21 22:29:43 - INFO - Main page redirected successfully.
2026-07-21 22:29:43 - INFO - Starting Google interactions...
2026-07-21 22:29:43 - INFO - Waiting for Google Email input...
2026-07-21 22:29:43 - INFO - Entering Google Email...
2026-07-21 22:29:43 - INFO - Clicking Next after email...
2026-07-21 22:29:43 - INFO - Waiting for Google Password input...
2026-07-21 22:29:45 - ERROR - Login flow failed: Locator.wait_for: Error: strict mode violation: locator("input[type='password']") resolved to 2 elements:
    1) <input class="Hvu6D" tabindex="-1" type="password" jsname="RHeR4d" aria-hidden="true" spellcheck="false" name="hiddenPassword"/> aka locator("input[name=\"hiddenPassword\"]")
    2) <input tabindex="0" name="Passwd" type="password" jsname="YPqjbf" spellcheck="false" autocapitalize="off" class="whsOnd zHQkBf" aria-describedby="c0" aria-disabled="false" data-initial-value="" aria-label="Enter your password" autocomplete="current-password webauthn"/> aka get_by_label("Enter your password")

Call log:
  - waiting for locator("input[type='password']") to be visible
    6 × locator resolved to hidden <input class="Hvu6D" tabindex="-1" type="password" jsname="RHeR4d" aria-hidden="true" spellcheck="false" name="hiddenPassword"/>

2026-07-21 22:29:45 - ERROR - === Diagnostics ===
2026-07-21 22:29:45 - ERROR - Current Main Page URL: https://accounts.google.com/v3/signin/challenge/pwd?TL=AE6FvyYBETQZt4XvSleFLyH6qV4OHJJhGK499i9hzXggx1t5RQs6xOJ5M7hPBRK5&access_type=offline&app_domain=https%3A%2F%2Fclerk.shared.lcl.dev&checkConnection=youtube%3A227&checkedDomains=youtube&cid=2&client_id=787459168867-0v2orf3qo56uocsi84iroseoahhuovdm.apps.googleusercontent.com&continue=https%3A%2F%2Faccounts.google.com%2Fsignin%2Foauth%2Fconsent%3Fauthuser%3Dunknown%26part%3DAJi8hAOzrK0coIxMaDYcuM3sQyX69Sgif62Skk14vnZgzsqlfrnSsIacYc8ZEgf-N6hG4_Xnj81MQvHfG7zqmNHaYhkOndrIjQJ4mitMuPR4j5vTMKGNcNFUlV7s3q_IW3JBZNjGki_wwHvEB9bRxvZerzpaftKYXAD_91GJA87CApL37e4JyEGcBWAOp028F2vdjd0SWtPocSInuZ4qeihGOXeu8dwApd9WyQw3oJLyV-p8EWqNuW6A1T00Q2daUlLg0HdvCSTm-vMLzWLryjr285PiurEdRdexU52gIvfcfycPnznOrmqQI79gOZtWWQF18rKyQm27K5kOOwrciPTT6XOUA61QwncYB6rGLO5iHlWDEudgRC0mDJ0d2oxFyQ4O8VgXCbigz5_XJXvqtgJDjpILPIhJXUjz8tiA9wg73PlXyzc6-GqzsQm5iTi-Ac9zLpChF-HvJnUA1c5Cx6lDBnC60nt9QdaIzpRfJcRhLwqBbv7N3QE%26flowName%3DGeneralOAuthFlow%26as%3DS456088969%253A1784653173341960%26client_id%3D787459168867-0v2orf3qo56uocsi84iroseoahhuovdm.apps.googleusercontent.com%26requestPath%3D%252Fsignin%252Foauth%252Fconsent%23&dsh=S456088969%3A1784653173341960&flowName=GeneralOAuthFlow&o2v=1&opparams=%253F&prompt=consent&pstMsg=1&rart=ANgoxcfC2cym86baGuvTK4yLAL2gVVsX3T0Z2yD4Qb9yBpvv8lKYnxoNOZcIwqHZyU6N_DSJPXvRPCToYjoyeK7JfVTjg_tlCkdGlV1xDMqbyB2kT2aOhOE&redirect_uri=https%3A%2F%2Fclerk.shared.lcl.dev%2Fv1%2Foauth_callback&response_type=code&scope=https%3A%2F%2Fwww.googleapis.com%2Fauth%2Fuserinfo.profile%20openid%20https%3A%2F%2Fwww.googleapis.com%2Fauth%2Fuserinfo.email&service=lso&state=x7hgh9umy64sosfzqc3m49uk6vvxdm1emzyguxjs
2026-07-21 22:29:45 - ERROR - Main Page Title: Welcome
2026-07-21 22:29:45 - ERROR - Visible buttons on main page (first 15): ['Clerk', 'Forgot email?', '', 'Next', 'Create account', '', '', 'Next', 'Try another way', '']
2026-07-21 22:29:45 - ERROR - Visible inputs on main page count: 15
2026-07-21 22:29:45 - ERROR - Total pages in context: 1
2026-07-21 22:29:45 - ERROR -   Page 0: URL=https://accounts.google.com/v3/signin/challenge/pwd?TL=AE6FvyYBETQZt4XvSleFLyH6qV4OHJJhGK499i9hzXggx1t5RQs6xOJ5M7hPBRK5&access_type=offline&app_domain=https%3A%2F%2Fclerk.shared.lcl.dev&checkConnection=youtube%3A227&checkedDomains=youtube&cid=2&client_id=787459168867-0v2orf3qo56uocsi84iroseoahhuovdm.apps.googleusercontent.com&continue=https%3A%2F%2Faccounts.google.com%2Fsignin%2Foauth%2Fconsent%3Fauthuser%3Dunknown%26part%3DAJi8hAOzrK0coIxMaDYcuM3sQyX69Sgif62Skk14vnZgzsqlfrnSsIacYc8ZEgf-N6hG4_Xnj81MQvHfG7zqmNHaYhkOndrIjQJ4mitMuPR4j5vTMKGNcNFUlV7s3q_IW3JBZNjGki_wwHvEB9bRxvZerzpaftKYXAD_91GJA87CApL37e4JyEGcBWAOp028F2vdjd0SWtPocSInuZ4qeihGOXeu8dwApd9WyQw3oJLyV-p8EWqNuW6A1T00Q2daUlLg0HdvCSTm-vMLzWLryjr285PiurEdRdexU52gIvfcfycPnznOrmqQI79gOZtWWQF18rKyQm27K5kOOwrciPTT6XOUA61QwncYB6rGLO5iHlWDEudgRC0mDJ0d2oxFyQ4O8VgXCbigz5_XJXvqtgJDjpILPIhJXUjz8tiA9wg73PlXyzc6-GqzsQm5iTi-Ac9zLpChF-HvJnUA1c5Cx6lDBnC60nt9QdaIzpRfJcRhLwqBbv7N3QE%26flowName%3DGeneralOAuthFlow%26as%3DS456088969%253A1784653173341960%26client_id%3D787459168867-0v2orf3qo56uocsi84iroseoahhuovdm.apps.googleusercontent.com%26requestPath%3D%252Fsignin%252Foauth%252Fconsent%23&dsh=S456088969%3A1784653173341960&flowName=GeneralOAuthFlow&o2v=1&opparams=%253F&prompt=consent&pstMsg=1&rart=ANgoxcfC2cym86baGuvTK4yLAL2gVVsX3T0Z2yD4Qb9yBpvv8lKYnxoNOZcIwqHZyU6N_DSJPXvRPCToYjoyeK7JfVTjg_tlCkdGlV1xDMqbyB2kT2aOhOE&redirect_uri=https%3A%2F%2Fclerk.shared.lcl.dev%2Fv1%2Foauth_callback&response_type=code&scope=https%3A%2F%2Fwww.googleapis.com%2Fauth%2Fuserinfo.profile%20openid%20https%3A%2F%2Fwww.googleapis.com%2Fauth%2Fuserinfo.email&service=lso&state=x7hgh9umy64sosfzqc3m49uk6vvxdm1emzyguxjs | Title=Welcome
2026-07-21 22:29:45 - ERROR - ===================
2026-07-21 22:29:45 - INFO - Screenshot saved: C:\Users\Maple Edge\Downloads\nitin workspace\nithin\CICO\attendance-bot\screenshots\20260721_222945_login_failure_main.png
2026-07-21 22:29:47 - INFO - Starting authentication flow...
2026-07-21 22:29:47 - INFO - Navigating to login URL: https://update-tool-five.vercel.app/login
2026-07-21 22:29:50 - INFO - Checking if valid session already exists...
2026-07-21 22:29:50 - INFO - No valid session found. Proceeding with Google Sign-In.
2026-07-21 22:29:50 - INFO - Looking for the initial 'Continue with Google / Work Email' button...
2026-07-21 22:29:50 - INFO - Found initial login button. Clicking it to open the Clerk modal...
2026-07-21 22:29:50 - INFO - Waiting for the Clerk modal to appear...
2026-07-21 22:29:50 - INFO - Clerk modal 'Continue with Google' button is visible.
2026-07-21 22:29:50 - INFO - Clicking the modal button and waiting to see if a popup/tab opens...
2026-07-21 22:30:00 - INFO - No popup/tab detected. Checking for redirect or iframe...
2026-07-21 22:30:00 - INFO - Waiting to see if main page redirects to accounts.google.com...
2026-07-21 22:30:00 - INFO - Main page redirected successfully.
2026-07-21 22:30:00 - INFO - Starting Google interactions...
2026-07-21 22:30:00 - INFO - Waiting for Google Email input...
2026-07-21 22:30:00 - INFO - Entering Google Email...
2026-07-21 22:30:00 - INFO - Clicking Next after email...
2026-07-21 22:30:00 - INFO - Waiting for Google Password input...
2026-07-21 22:30:01 - ERROR - Login flow failed: Locator.wait_for: Error: strict mode violation: locator("input[type='password']") resolved to 2 elements:
    1) <input class="Hvu6D" tabindex="-1" type="password" jsname="RHeR4d" aria-hidden="true" spellcheck="false" name="hiddenPassword"/> aka locator("input[name=\"hiddenPassword\"]")
    2) <input tabindex="0" name="Passwd" type="password" jsname="YPqjbf" spellcheck="false" autocapitalize="off" class="whsOnd zHQkBf" aria-describedby="c0" aria-disabled="false" data-initial-value="" aria-label="Enter your password" autocomplete="current-password webauthn"/> aka get_by_role("textbox", name="Enter your password")

Call log:
  - waiting for locator("input[type='password']") to be visible
    6 × locator resolved to hidden <input class="Hvu6D" tabindex="-1" type="password" jsname="RHeR4d" aria-hidden="true" spellcheck="false" name="hiddenPassword"/>

2026-07-21 22:30:01 - ERROR - === Diagnostics ===
2026-07-21 22:30:01 - ERROR - Current Main Page URL: https://accounts.google.com/v3/signin/challenge/pwd?TL=AE6FvyaXGhqIg7P5JpM1pYzT6h2bdWHNOCo4Qjw6iq5RRi2BDSH3cQhGZGyNJyxg&access_type=offline&app_domain=https%3A%2F%2Fclerk.shared.lcl.dev&checkConnection=youtube%3A91&checkedDomains=youtube&cid=2&client_id=787459168867-0v2orf3qo56uocsi84iroseoahhuovdm.apps.googleusercontent.com&continue=https%3A%2F%2Faccounts.google.com%2Fsignin%2Foauth%2Fconsent%3Fauthuser%3Dunknown%26part%3DAJi8hAP4TuEV1LzdoO4NKzY5q2HXAZFvxXcxzTA8bMON9U58S7WSu7JuaveB0e6nKLsjRt03JN5bqp1h5VzeWXkUitm8A3Ik-GUxMa3us2mvfoSwVQcdqglFHI10bcTqlD01rfAX85PwL_j-RnW-GOG_UpRJgxSP_083eX9_zwk00Cxj5sTwuTKWKZe70yOavLnJ8Zvqa5gRSD5RA3RXCkX8qyvT_AtUYwNN1NxIOp_Li3jnKuUmC45tb-M6dEH5LO2lx3P9e1D02RGk6wq2rOcM-BI9zJGLTODaSN_hu1_Tgj0x_7EQajo27sc7b9Z8EJ2YauwApX8TO4acQUjivOQYps26pltxhVwHF4e7Mtz_wSwB_HCWGDFhnQpt0BD5my9S4roBUbs_WeK6HLBMQO5oAQGCOCYLZwf1FYnUIuLESMEaQO3zpYlvAmaItktjMsoEieKgJALnjjnCDqVyS_3QoDjCSF5Y5kPIXwa65fRjhzDUX2O_7bk%26flowName%3DGeneralOAuthFlow%26as%3DS756839207%253A1784653190105592%26client_id%3D787459168867-0v2orf3qo56uocsi84iroseoahhuovdm.apps.googleusercontent.com%26requestPath%3D%252Fsignin%252Foauth%252Fconsent%23&dsh=S756839207%3A1784653190105592&flowName=GeneralOAuthFlow&o2v=1&opparams=%253F&prompt=consent&pstMsg=1&rart=ANgoxcfnczOzM3R4Z9rLAvNBND7nAmJ0iR5Otie9l3N8vhZpImnKu2Tux5bdGiRGEkVoT2xDHnyTcMqgcFUyz9Uj355206UqYV1hq6bwBQjbl_5LKpzD9D0&redirect_uri=https%3A%2F%2Fclerk.shared.lcl.dev%2Fv1%2Foauth_callback&response_type=code&scope=openid%20https%3A%2F%2Fwww.googleapis.com%2Fauth%2Fuserinfo.email%20https%3A%2F%2Fwww.googleapis.com%2Fauth%2Fuserinfo.profile&service=lso&state=uqg5kgb9buptepj08ztkp82uzsj8laz87cf8830q
2026-07-21 22:30:01 - ERROR - Main Page Title: Welcome
2026-07-21 22:30:01 - ERROR - Visible buttons on main page (first 15): ['Clerk', 'Next', 'Create account', '', 'Forgot email?', '', '', 'Next', 'Try another way', '']
2026-07-21 22:30:01 - ERROR - Visible inputs on main page count: 15
2026-07-21 22:30:01 - ERROR - Total pages in context: 1
2026-07-21 22:30:01 - ERROR -   Page 0: URL=https://accounts.google.com/v3/signin/challenge/pwd?TL=AE6FvyaXGhqIg7P5JpM1pYzT6h2bdWHNOCo4Qjw6iq5RRi2BDSH3cQhGZGyNJyxg&access_type=offline&app_domain=https%3A%2F%2Fclerk.shared.lcl.dev&checkConnection=youtube%3A91&checkedDomains=youtube&cid=2&client_id=787459168867-0v2orf3qo56uocsi84iroseoahhuovdm.apps.googleusercontent.com&continue=https%3A%2F%2Faccounts.google.com%2Fsignin%2Foauth%2Fconsent%3Fauthuser%3Dunknown%26part%3DAJi8hAP4TuEV1LzdoO4NKzY5q2HXAZFvxXcxzTA8bMON9U58S7WSu7JuaveB0e6nKLsjRt03JN5bqp1h5VzeWXkUitm8A3Ik-GUxMa3us2mvfoSwVQcdqglFHI10bcTqlD01rfAX85PwL_j-RnW-GOG_UpRJgxSP_083eX9_zwk00Cxj5sTwuTKWKZe70yOavLnJ8Zvqa5gRSD5RA3RXCkX8qyvT_AtUYwNN1NxIOp_Li3jnKuUmC45tb-M6dEH5LO2lx3P9e1D02RGk6wq2rOcM-BI9zJGLTODaSN_hu1_Tgj0x_7EQajo27sc7b9Z8EJ2YauwApX8TO4acQUjivOQYps26pltxhVwHF4e7Mtz_wSwB_HCWGDFhnQpt0BD5my9S4roBUbs_WeK6HLBMQO5oAQGCOCYLZwf1FYnUIuLESMEaQO3zpYlvAmaItktjMsoEieKgJALnjjnCDqVyS_3QoDjCSF5Y5kPIXwa65fRjhzDUX2O_7bk%26flowName%3DGeneralOAuthFlow%26as%3DS756839207%253A1784653190105592%26client_id%3D787459168867-0v2orf3qo56uocsi84iroseoahhuovdm.apps.googleusercontent.com%26requestPath%3D%252Fsignin%252Foauth%252Fconsent%23&dsh=S756839207%3A1784653190105592&flowName=GeneralOAuthFlow&o2v=1&opparams=%253F&prompt=consent&pstMsg=1&rart=ANgoxcfnczOzM3R4Z9rLAvNBND7nAmJ0iR5Otie9l3N8vhZpImnKu2Tux5bdGiRGEkVoT2xDHnyTcMqgcFUyz9Uj355206UqYV1hq6bwBQjbl_5LKpzD9D0&redirect_uri=https%3A%2F%2Fclerk.shared.lcl.dev%2Fv1%2Foauth_callback&response_type=code&scope=openid%20https%3A%2F%2Fwww.googleapis.com%2Fauth%2Fuserinfo.email%20https%3A%2F%2Fwww.googleapis.com%2Fauth%2Fuserinfo.profile&service=lso&state=uqg5kgb9buptepj08ztkp82uzsj8laz87cf8830q | Title=Welcome
2026-07-21 22:30:01 - ERROR - ===================
2026-07-21 22:30:01 - INFO - Screenshot saved: C:\Users\Maple Edge\Downloads\nitin workspace\nithin\CICO\attendance-bot\screenshots\20260721_223001_login_failure_main.png
2026-07-21 22:30:05 - INFO - Starting authentication flow...
2026-07-21 22:30:05 - INFO - Navigating to login URL: https://update-tool-five.vercel.app/login
2026-07-21 22:30:09 - INFO - Checking if valid session already exists...
2026-07-21 22:30:09 - INFO - No valid session found. Proceeding with Google Sign-In.
2026-07-21 22:30:09 - INFO - Looking for the initial 'Continue with Google / Work Email' button...
2026-07-21 22:30:09 - INFO - Found initial login button. Clicking it to open the Clerk modal...
2026-07-21 22:30:09 - INFO - Waiting for the Clerk modal to appear...
2026-07-21 22:30:09 - INFO - Clerk modal 'Continue with Google' button is visible.
2026-07-21 22:30:09 - INFO - Clicking the modal button and waiting to see if a popup/tab opens...
2026-07-21 22:30:19 - INFO - No popup/tab detected. Checking for redirect or iframe...
2026-07-21 22:30:19 - INFO - Waiting to see if main page redirects to accounts.google.com...
2026-07-21 22:30:19 - INFO - Main page redirected successfully.
2026-07-21 22:30:19 - INFO - Starting Google interactions...
2026-07-21 22:30:19 - INFO - Waiting for Google Email input...
2026-07-21 22:30:19 - INFO - Entering Google Email...
2026-07-21 22:30:19 - INFO - Clicking Next after email...
2026-07-21 22:30:19 - INFO - Waiting for Google Password input...
2026-07-21 22:30:21 - INFO - Entering Google Password...
2026-07-21 22:30:21 - INFO - Clicking Next after password...
2026-07-21 22:30:21 - INFO - Authentication submitted. Waiting for completion...
2026-07-21 22:30:21 - INFO - Waiting for redirect back to application domain...
2026-07-21 22:31:06 - ERROR - Login flow failed: Timeout 45000ms exceeded.
=========================== logs ===========================
waiting for navigation to "<function ImplToApiMapping.wrap_handler.<locals>.wrapper_func at 0x000001C531293240>" until 'load'
  navigated to "https://accounts.google.com/v3/signin/challenge/dp?TL=AE6FvybJxy9ttAjARaLPxJufn0HCPSMR7XMHHNa53nvtFgQVZz5usv-AD8sZTz7H&access_type=offline&app_domain=https%3A%2F%2Fclerk.shared.lcl.dev&checkConnection=youtube%3A85&checkedDomains=youtube&cid=12&client_id=787459168867-0v2orf3qo56uocsi84iroseoahhuovdm.apps.googleusercontent.com&continue=https%3A%2F%2Faccounts.google.com%2Fsignin%2Foauth%2Fconsent%3Fauthuser%3Dunknown%26part%3DAJi8hANEdEyhI0c1crOJhQR3jQpkXEBkYnYFffGXSnjOxYW3LS7TE5ok5hswztOSBzcTY4tGDO9xcLNhHCH9hJml2uV80ANxbQla1ieQHeuCZreo8QBardnnft9gA4-p8csIh9QrAjq7vcMkXzFgIWnVvwTV9wpUJ5JMyeHdh_1GsNu71MfWwtBTeaza4ok2kh5r2SGCpvv5Kx6QcIQZl9m3ydV_JHJUR9DqOfMRtZd0UvPaXia6K7Xe6J82m48sL36x0v22MtRI1ZouMbqRjha7dZURD-eFphlW8Y003dCpuZ3LVBgXMnVIC54Ua3RGEIlnIzdpWDEsdQt5Ca5IN-DpMw9Q2C7CjhJoiM4PMLHaaQvw-HYj6BHTp2G-DbGrxGTXxX98g2NqNg17cB62skBsHZP53MCB1TUUmGKbfeYqndbD4dh_sfrTs1uBuK1IFNq2fXNOyYk-16FqLPQvXytUDzgVDS9VIZBFymkqJXGyaCRzyiscyDs%26flowName%3DGeneralOAuthFlow%26as%3DS1999000687%253A1784653209065591%26client_id%3D787459168867-0v2orf3qo56uocsi84iroseoahhuovdm.apps.googleusercontent.com%26requestPath%3D%252Fsignin%252Foauth%252Fconsent%23&dsh=S1999000687%3A1784653209065591&flowName=GeneralOAuthFlow&o2v=1&opparams=%253F&prompt=consent&pstMsg=1&rart=ANgoxcegDgDZ3-LuMWv4Nv7BJLvqATYboygIbZamUFTLskJQWzD05nj_y17LRz18k54rbJ92kskxGM7157b8HpF7ECCsFSdfPfhAqsL1kiP4wHX-wDzTncM&redirect_uri=https%3A%2F%2Fclerk.shared.lcl.dev%2Fv1%2Foauth_callback&response_type=code&scope=openid%20https%3A%2F%2Fwww.googleapis.com%2Fauth%2Fuserinfo.email%20https%3A%2F%2Fwww.googleapis.com%2Fauth%2Fuserinfo.profile&service=lso&state=s74rlyta0ee8uap2krdbgp2v8wvz7jrqbywh70xq"
============================================================
2026-07-21 22:31:06 - ERROR - === Diagnostics ===
2026-07-21 22:31:06 - ERROR - Current Main Page URL: https://accounts.google.com/v3/signin/challenge/dp?TL=AE6FvybJxy9ttAjARaLPxJufn0HCPSMR7XMHHNa53nvtFgQVZz5usv-AD8sZTz7H&access_type=offline&app_domain=https%3A%2F%2Fclerk.shared.lcl.dev&checkConnection=youtube%3A85&checkedDomains=youtube&cid=12&client_id=787459168867-0v2orf3qo56uocsi84iroseoahhuovdm.apps.googleusercontent.com&continue=https%3A%2F%2Faccounts.google.com%2Fsignin%2Foauth%2Fconsent%3Fauthuser%3Dunknown%26part%3DAJi8hANEdEyhI0c1crOJhQR3jQpkXEBkYnYFffGXSnjOxYW3LS7TE5ok5hswztOSBzcTY4tGDO9xcLNhHCH9hJml2uV80ANxbQla1ieQHeuCZreo8QBardnnft9gA4-p8csIh9QrAjq7vcMkXzFgIWnVvwTV9wpUJ5JMyeHdh_1GsNu71MfWwtBTeaza4ok2kh5r2SGCpvv5Kx6QcIQZl9m3ydV_JHJUR9DqOfMRtZd0UvPaXia6K7Xe6J82m48sL36x0v22MtRI1ZouMbqRjha7dZURD-eFphlW8Y003dCpuZ3LVBgXMnVIC54Ua3RGEIlnIzdpWDEsdQt5Ca5IN-DpMw9Q2C7CjhJoiM4PMLHaaQvw-HYj6BHTp2G-DbGrxGTXxX98g2NqNg17cB62skBsHZP53MCB1TUUmGKbfeYqndbD4dh_sfrTs1uBuK1IFNq2fXNOyYk-16FqLPQvXytUDzgVDS9VIZBFymkqJXGyaCRzyiscyDs%26flowName%3DGeneralOAuthFlow%26as%3DS1999000687%253A1784653209065591%26client_id%3D787459168867-0v2orf3qo56uocsi84iroseoahhuovdm.apps.googleusercontent.com%26requestPath%3D%252Fsignin%252Foauth%252Fconsent%23&dsh=S1999000687%3A1784653209065591&flowName=GeneralOAuthFlow&o2v=1&opparams=%253F&prompt=consent&pstMsg=1&rart=ANgoxcegDgDZ3-LuMWv4Nv7BJLvqATYboygIbZamUFTLskJQWzD05nj_y17LRz18k54rbJ92kskxGM7157b8HpF7ECCsFSdfPfhAqsL1kiP4wHX-wDzTncM&redirect_uri=https%3A%2F%2Fclerk.shared.lcl.dev%2Fv1%2Foauth_callback&response_type=code&scope=openid%20https%3A%2F%2Fwww.googleapis.com%2Fauth%2Fuserinfo.email%20https%3A%2F%2Fwww.googleapis.com%2Fauth%2Fuserinfo.profile&service=lso&state=s74rlyta0ee8uap2krdbgp2v8wvz7jrqbywh70xq
2026-07-21 22:31:06 - ERROR - Main Page Title: 2-Step Verification To help keep your account safe, Google wants to make sure it’s really you trying to sign in
2026-07-21 22:31:06 - ERROR - Visible buttons on main page (first 15): ['Learn more about Google prompts', 'Resend it', 'Try another way', '']
2026-07-21 22:31:06 - ERROR - Visible inputs on main page count: 2
2026-07-21 22:31:06 - ERROR - Total pages in context: 1
2026-07-21 22:31:06 - ERROR -   Page 0: URL=https://accounts.google.com/v3/signin/challenge/dp?TL=AE6FvybJxy9ttAjARaLPxJufn0HCPSMR7XMHHNa53nvtFgQVZz5usv-AD8sZTz7H&access_type=offline&app_domain=https%3A%2F%2Fclerk.shared.lcl.dev&checkConnection=youtube%3A85&checkedDomains=youtube&cid=12&client_id=787459168867-0v2orf3qo56uocsi84iroseoahhuovdm.apps.googleusercontent.com&continue=https%3A%2F%2Faccounts.google.com%2Fsignin%2Foauth%2Fconsent%3Fauthuser%3Dunknown%26part%3DAJi8hANEdEyhI0c1crOJhQR3jQpkXEBkYnYFffGXSnjOxYW3LS7TE5ok5hswztOSBzcTY4tGDO9xcLNhHCH9hJml2uV80ANxbQla1ieQHeuCZreo8QBardnnft9gA4-p8csIh9QrAjq7vcMkXzFgIWnVvwTV9wpUJ5JMyeHdh_1GsNu71MfWwtBTeaza4ok2kh5r2SGCpvv5Kx6QcIQZl9m3ydV_JHJUR9DqOfMRtZd0UvPaXia6K7Xe6J82m48sL36x0v22MtRI1ZouMbqRjha7dZURD-eFphlW8Y003dCpuZ3LVBgXMnVIC54Ua3RGEIlnIzdpWDEsdQt5Ca5IN-DpMw9Q2C7CjhJoiM4PMLHaaQvw-HYj6BHTp2G-DbGrxGTXxX98g2NqNg17cB62skBsHZP53MCB1TUUmGKbfeYqndbD4dh_sfrTs1uBuK1IFNq2fXNOyYk-16FqLPQvXytUDzgVDS9VIZBFymkqJXGyaCRzyiscyDs%26flowName%3DGeneralOAuthFlow%26as%3DS1999000687%253A1784653209065591%26client_id%3D787459168867-0v2orf3qo56uocsi84iroseoahhuovdm.apps.googleusercontent.com%26requestPath%3D%252Fsignin%252Foauth%252Fconsent%23&dsh=S1999000687%3A1784653209065591&flowName=GeneralOAuthFlow&o2v=1&opparams=%253F&prompt=consent&pstMsg=1&rart=ANgoxcegDgDZ3-LuMWv4Nv7BJLvqATYboygIbZamUFTLskJQWzD05nj_y17LRz18k54rbJ92kskxGM7157b8HpF7ECCsFSdfPfhAqsL1kiP4wHX-wDzTncM&redirect_uri=https%3A%2F%2Fclerk.shared.lcl.dev%2Fv1%2Foauth_callback&response_type=code&scope=openid%20https%3A%2F%2Fwww.googleapis.com%2Fauth%2Fuserinfo.email%20https%3A%2F%2Fwww.googleapis.com%2Fauth%2Fuserinfo.profile&service=lso&state=s74rlyta0ee8uap2krdbgp2v8wvz7jrqbywh70xq | Title=2-Step Verification To help keep your account safe, Google wants to make sure it’s really you trying to sign in
2026-07-21 22:31:06 - ERROR - ===================
2026-07-21 22:31:06 - INFO - Screenshot saved: C:\Users\Maple Edge\Downloads\nitin workspace\nithin\CICO\attendance-bot\screenshots\20260721_223106_login_failure_main.png
2026-07-21 22:31:06 - ERROR - An error occurred during the automation flow.
2026-07-21 22:31:06 - INFO - Screenshot saved: C:\Users\Maple Edge\Downloads\nitin workspace\nithin\CICO\attendance-bot\screenshots\20260721_223106_fatal_error.png
2026-07-21 22:31:06 - INFO - Closing Browser...
2026-07-21 22:31:06 - ERROR - Automation failed: Authentication failed: Timeout 45000ms exceeded.
=========================== logs ===========================
waiting for navigation to "<function ImplToApiMapping.wrap_handler.<locals>.wrapper_func at 0x000001C531293240>" until 'load'
  navigated to "https://accounts.google.com/v3/signin/challenge/dp?TL=AE6FvybJxy9ttAjARaLPxJufn0HCPSMR7XMHHNa53nvtFgQVZz5usv-AD8sZTz7H&access_type=offline&app_domain=https%3A%2F%2Fclerk.shared.lcl.dev&checkConnection=youtube%3A85&checkedDomains=youtube&cid=12&client_id=787459168867-0v2orf3qo56uocsi84iroseoahhuovdm.apps.googleusercontent.com&continue=https%3A%2F%2Faccounts.google.com%2Fsignin%2Foauth%2Fconsent%3Fauthuser%3Dunknown%26part%3DAJi8hANEdEyhI0c1crOJhQR3jQpkXEBkYnYFffGXSnjOxYW3LS7TE5ok5hswztOSBzcTY4tGDO9xcLNhHCH9hJml2uV80ANxbQla1ieQHeuCZreo8QBardnnft9gA4-p8csIh9QrAjq7vcMkXzFgIWnVvwTV9wpUJ5JMyeHdh_1GsNu71MfWwtBTeaza4ok2kh5r2SGCpvv5Kx6QcIQZl9m3ydV_JHJUR9DqOfMRtZd0UvPaXia6K7Xe6J82m48sL36x0v22MtRI1ZouMbqRjha7dZURD-eFphlW8Y003dCpuZ3LVBgXMnVIC54Ua3RGEIlnIzdpWDEsdQt5Ca5IN-DpMw9Q2C7CjhJoiM4PMLHaaQvw-HYj6BHTp2G-DbGrxGTXxX98g2NqNg17cB62skBsHZP53MCB1TUUmGKbfeYqndbD4dh_sfrTs1uBuK1IFNq2fXNOyYk-16FqLPQvXytUDzgVDS9VIZBFymkqJXGyaCRzyiscyDs%26flowName%3DGeneralOAuthFlow%26as%3DS1999000687%253A1784653209065591%26client_id%3D787459168867-0v2orf3qo56uocsi84iroseoahhuovdm.apps.googleusercontent.com%26requestPath%3D%252Fsignin%252Foauth%252Fconsent%23&dsh=S1999000687%3A1784653209065591&flowName=GeneralOAuthFlow&o2v=1&opparams=%253F&prompt=consent&pstMsg=1&rart=ANgoxcegDgDZ3-LuMWv4Nv7BJLvqATYboygIbZamUFTLskJQWzD05nj_y17LRz18k54rbJ92kskxGM7157b8HpF7ECCsFSdfPfhAqsL1kiP4wHX-wDzTncM&redirect_uri=https%3A%2F%2Fclerk.shared.lcl.dev%2Fv1%2Foauth_callback&response_type=code&scope=openid%20https%3A%2F%2Fwww.googleapis.com%2Fauth%2Fuserinfo.email%20https%3A%2F%2Fwww.googleapis.com%2Fauth%2Fuserinfo.profile&service=lso&state=s74rlyta0ee8uap2krdbgp2v8wvz7jrqbywh70xq"
============================================================
2026-07-21 22:31:06 - INFO - Preparing failure notification email...
2026-07-21 22:31:08 - ERROR - Failed to send email notification: (535, b'5.7.8 Username and Password not accepted. For more information, go to\n5.7.8  https://support.google.com/mail/?p=BadCredentials 5a478bee46e88-3147dc193f8sm1651402eec.1 - gsmtp')
2026-07-21 22:40:18 - INFO - Starting manual login setup...
2026-07-21 22:41:00 - INFO - Navigating to https://update-tool-five.vercel.app/login
2026-07-21 22:41:01 - INFO - Waiting for you to complete manual login...
2026-07-21 22:41:01 - INFO - Detecting dashboard elements (Attendance menu or Logout button)...
2026-07-21 22:42:19 - INFO - Dashboard detected! Login successful.
2026-07-21 22:42:19 - INFO - Saving authenticated session to C:\Users\Maple Edge\Downloads\nitin workspace\nithin\CICO\attendance-bot\storage_state.json...
2026-07-21 22:42:19 - INFO - Session saved successfully!
